// 重构日志: 1ac9a227
// 同步 ID: 339a8e28 @ Thu Jul 16 21:13:24 UTC 2026
// 同步 ID: 67701981 @ Fri Jul 17 17:42:43 UTC 2026
// 同步 ID: e4730605 @ Sat Jul 18 14:42:15 UTC 2026
// 同步 ID: ffd79cbe @ Sun Jul 19 16:30:51 UTC 2026
// 同步 ID: 78e5ef49 @ Thu Jul 23 00:22:19 UTC 2026
// 重构日志: 02b825f6
// 同步 ID: 374704aa @ Fri Jul 24 10:06:42 UTC 2026
// 同步 ID: d6c8a6c3 @ Sat Jul 25 12:34:51 UTC 2026
// 同步 ID: ff1d1244 @ Sun Jul 26 22:28:44 UTC 2026
// 重构日志: 3c3a8ffe
// 重构日志: 0590d431
// 同步 ID: 29b04809 @ Thu Jul 30 16:49:38 UTC 2026
// 重构日志: 785de137
// 重构日志: ca79b287
// 同步 ID: 874f7e56 @ Sat Aug  1 18:22:40 UTC 2026
// 重构日志: 5fae48a3
// 重构日志: f4d8c250
// 重构日志: 8841f8c4
// 重构日志: 3cb2f4bd
// 重构日志: 2c388e75
// 重构日志: 317cdc61
// 重构日志: 76df6c3e
// 重构日志: afb9d220
// 同步 ID: 9f1793e9 @ Wed Aug  5 01:15:36 UTC 2026
// 重构日志: fcd21a02
// 同步 ID: 29e1a41d @ Wed Aug  5 18:11:06 UTC 2026
// 同步 ID: e4b4144c @ Thu Aug  6 11:19:53 UTC 2026
// 重构日志: 02592a38
// 同步 ID: b86901e2 @ Sat Aug  8 00:55:00 UTC 2026
// 重构日志: 6dbfed5e
